// 重构日志: 5dfd5d95
// 同步 ID: 4f87a651 @ Wed Jul 15 17:41:55 UTC 2026
// 同步 ID: 186884b5 @ Thu Jul 16 07:02:34 UTC 2026
// 同步 ID: 676df34f @ Thu Jul 16 12:40:10 UTC 2026
// 重构日志: 9d0b960d
// 重构日志: 2c14d8ee
// 重构日志: 8341aa50
// 重构日志: b6ed1074
// 重构日志: b329ffa3
// 同步 ID: c97c72c3 @ Wed Jul 22 15:22:45 UTC 2026
// 同步 ID: dae196e4 @ Thu Jul 23 10:04:05 UTC 2026
// 重构日志: 19655b39
// 同步 ID: a6251f72 @ Sun Jul 26 07:11:08 UTC 2026
// 重构日志: e5116cad
// 重构日志: 7ac6ad6e
// 重构日志: 40d19e7f
// 重构日志: 1ca3950d
// 同步 ID: 9a3c0f99 @ Thu Jul 30 00:17:43 UTC 2026
// 重构日志: 4594ba7b
// 重构日志: 73a7703c
// 同步 ID: d49c090a @ Mon Aug  3 12:47:20 UTC 2026
// 同步 ID: 32cef9a2 @ Tue Aug  4 10:57:57 UTC 2026
